---
source: sockt-cli/src/gbrain/mod.rs
expression: agents
---
# Agents — TestCorp

## Architect Agent

**Role:** Strategic planning and task decomposition

The architect agent receives inbound requests and breaks them into actionable tasks.
It decides which worker agents to involve and sets priorities.

### Capabilities
- Task decomposition and planning
- Priority assignment
- Agent coordination
- Escalation decisions

### Constraints
- Cannot execute external actions directly
- Must delegate execution to worker agents
- Must respect approval thresholds defined in SOUL.md

---

## Monitor Agent

**Role:** Scheduled observation and reporting

The monitor agent runs on cron schedules to observe system state and report changes.

### Capabilities
- Periodic system checks
- Anomaly detection
- Status reporting
- Alert triggering

### Schedule
- Every 15 minutes: health checks
- Hourly: integration status
- Daily: summary report

---

## Worker Agent

**Role:** Task execution

Worker agents execute specific tasks assigned by the architect. They operate within
sandboxed environments and report results back.

### Capabilities
- External API calls (within approved tool set)
- Data gathering and analysis
- Message composition and delivery
- File creation and modification

### Tools Available
- Slack
- Jira
- GitHub

---

## Configuration

- **Industry context:** FinTech
- **Team size:** 11-50
- **Primary use case:** Customer support automation
- **Communication tone:** professional
